{"level":"DEBUG","time":"2025-05-18T21:00:01.540+0800","caller":"gosocial_server/main.go:53","msg":"logger init success!"}
